============================= test session starts =============================
platform win32 -- Python 3.13.5, pytest-8.4.1, pluggy-1.6.0 -- C:\Users\51178\AppData\Local\Programs\Python\Python313\python.exe
cachedir: .pytest_cache
metadata: {'Python': '3.13.5', 'Platform': 'Windows-11-10.0.26200-SP0', 'Packages': {'pytest': '8.4.1', 'pluggy': '1.6.0'}, 'Plugins': {'anyio': '4.12.0', 'langsmith': '0.3.45', 'asyncio': '1.2.0', 'cov': '7.0.0', 'html': '4.1.1', 'metadata': '3.1.1', 'mock': '3.15.1', 'qt': '4.5.0', 'xdist': '3.8.0'}, 'JAVA_HOME': 'C:\\Program Files\\Eclipse Adoptium\\jdk-8.0.472.8-hotspot\\'}
PySide6 6.9.2 -- Qt runtime 6.9.2 -- Qt compiled 6.9.2
rootdir: D:\WorkSpace\project\个人项目\RAG
configfile: pyproject.toml
plugins: anyio-4.12.0, langsmith-0.3.45, asyncio-1.2.0, cov-7.0.0, html-4.1.1, metadata-3.1.1, mock-3.15.1, qt-4.5.0, xdist-3.8.0
asyncio: mode=Mode.STRICT, debug=False, asyncio_default_fixture_loop_scope=None, asyncio_default_test_loop_scope=function
collecting ... collected 38 items

tests/unit/test_bm25_indexer_roundtrip.py::TestBM25IndexerBasics::test_indexer_initialization_default PASSED [  2%]
tests/unit/test_bm25_indexer_roundtrip.py::TestBM25IndexerBasics::test_indexer_initialization_custom PASSED [  5%]
tests/unit/test_bm25_indexer_roundtrip.py::TestBM25IndexerBasics::test_indexer_initialization_invalid_k1 PASSED [  7%]
tests/unit/test_bm25_indexer_roundtrip.py::TestBM25IndexerBasics::test_indexer_initialization_invalid_b PASSED [ 10%]
tests/unit/test_bm25_indexer_roundtrip.py::TestBM25IndexBuilding::test_build_simple_index PASSED [ 13%]
tests/unit/test_bm25_indexer_roundtrip.py::TestBM25IndexBuilding::test_build_empty_term_stats_raises PASSED [ 15%]
tests/unit/test_bm25_indexer_roundtrip.py::TestBM25IndexBuilding::test_build_invalid_structure_raises PASSED [ 18%]
tests/unit/test_bm25_indexer_roundtrip.py::TestBM25IndexBuilding::test_build_invalid_types_raises PASSED [ 21%]
tests/unit/test_bm25_indexer_roundtrip.py::TestIDFCalculation::test_idf_calculation_formula PASSED [ 23%]
tests/unit/test_bm25_indexer_roundtrip.py::TestIDFCalculation::test_idf_rare_vs_common_terms PASSED [ 26%]
tests/unit/test_bm25_indexer_roundtrip.py::TestBM25Querying::test_query_returns_sorted_results PASSED [ 28%]
tests/unit/test_bm25_indexer_roundtrip.py::TestBM25Querying::test_query_respects_top_k PASSED [ 31%]
tests/unit/test_bm25_indexer_roundtrip.py::TestBM25Querying::test_query_term_not_in_corpus PASSED [ 34%]
tests/unit/test_bm25_indexer_roundtrip.py::TestBM25Querying::test_query_before_build_raises PASSED [ 36%]
tests/unit/test_bm25_indexer_roundtrip.py::TestBM25Querying::test_query_empty_terms_raises PASSED [ 39%]
tests/unit/test_bm25_indexer_roundtrip.py::TestIndexPersistence::test_save_and_load_roundtrip PASSED [ 42%]
tests/unit/test_bm25_indexer_roundtrip.py::TestIndexPersistence::test_load_nonexistent_index PASSED [ 44%]
tests/unit/test_bm25_indexer_roundtrip.py::TestIndexPersistence::test_load_corrupted_index_raises FAILED [ 47%]
tests/unit/test_bm25_indexer_roundtrip.py::TestIndexPersistence::test_load_invalid_structure_raises FAILED [ 50%]
tests/unit/test_bm25_indexer_roundtrip.py::TestIndexPersistence::test_index_file_created_in_correct_location PASSED [ 52%]
tests/unit/test_bm25_indexer_roundtrip.py::TestRebuildFunctionality::test_rebuild_replaces_old_index PASSED [ 55%]
tests/unit/test_bm25_indexer_roundtrip.py::TestRebuildFunctionality::test_rebuild_is_deterministic PASSED [ 57%]
tests/unit/test_bm25_indexer_roundtrip.py::TestEdgeCases::test_single_document_corpus PASSED [ 60%]
tests/unit/test_bm25_indexer_roundtrip.py::TestEdgeCases::test_empty_document PASSED [ 63%]
tests/unit/test_bm25_indexer_roundtrip.py::TestEdgeCases::test_very_long_posting_list PASSED [ 65%]
tests/unit/test_bm25_indexer_roundtrip.py::TestEdgeCases::test_special_characters_in_terms PASSED [ 68%]
tests/unit/test_pipeline_progress.py::TestPipelineProgressCallback::test_callback_called_for_all_stages FAILED [ 71%]
tests/unit/test_pipeline_progress.py::TestPipelineProgressCallback::test_total_is_six PASSED [ 73%]
tests/unit/test_pipeline_progress.py::TestPipelineProgressCallback::test_current_is_monotonically_increasing FAILED [ 76%]
tests/unit/test_pipeline_progress.py::TestPipelineProgressCallback::test_no_callback_no_crash PASSED [ 78%]
tests/unit/test_pipeline_progress.py::TestPipelineProgressCallback::test_callback_with_trace FAILED [ 81%]
tests/unit/test_pipeline_progress.py::TestPipelineProgressCallback::test_ordering FAILED [ 84%]
tests/integration/test_ingestion_pipeline.py::TestIngestionPipeline::test_pipeline_with_complex_technical_doc SKIPPED [ 86%]
tests/integration/test_ingestion_pipeline.py::TestIngestionPipeline::test_pipeline_skip_already_processed SKIPPED [ 89%]
tests/integration/test_ingestion_pipeline.py::TestIngestionPipeline::test_pipeline_force_reprocess SKIPPED [ 92%]
tests/integration/test_ingestion_pipeline.py::TestPipelineComponents::test_settings_loads_correctly SKIPPED [ 94%]
tests/integration/test_ingestion_pipeline.py::TestPipelineComponents::test_embedding_creates_vectors SKIPPED [ 97%]
tests/integration/test_ingestion_pipeline.py::TestPipelineComponents::test_llm_responds PASSED [100%]

================================== FAILURES ===================================
____________ TestIndexPersistence.test_load_corrupted_index_raises ____________
src\ingestion\storage\bm25_indexer.py:211: in load
    data = pickle.load(f)
           ^^^^^^^^^^^^^^
E   _pickle.UnpicklingError: invalid load key, 'n'.

During handling of the above exception, another exception occurred:
tests\unit\test_bm25_indexer_roundtrip.py:309: in test_load_corrupted_index_raises
    indexer.load(collection="corrupted")
src\ingestion\storage\bm25_indexer.py:222: in load
    except json.JSONDecodeError as e:
           ^^^^
E   NameError: name 'json' is not defined. Did you forget to import 'json'?
___________ TestIndexPersistence.test_load_invalid_structure_raises ___________
src\ingestion\storage\bm25_indexer.py:215: in load
    raise ValueError(f"Invalid index file structure: missing metadata or index")
E   ValueError: Invalid index file structure: missing metadata or index

During handling of the above exception, another exception occurred:
tests\unit\test_bm25_indexer_roundtrip.py:320: in test_load_invalid_structure_raises
    indexer.load(collection="invalid")
src\ingestion\storage\bm25_indexer.py:222: in load
    except json.JSONDecodeError as e:
           ^^^^
E   NameError: name 'json' is not defined. Did you forget to import 'json'?
______ TestPipelineProgressCallback.test_callback_called_for_all_stages _______
tests\unit\test_pipeline_progress.py:102: in test_callback_called_for_all_stages
    assert "integrity" in stage_names
E   AssertionError: assert 'integrity' in ['transform:context', 'transform:refine', 'transform:enrich_caption']
____ TestPipelineProgressCallback.test_current_is_monotonically_increasing ____
tests\unit\test_pipeline_progress.py:122: in test_current_is_monotonically_increasing
    assert currents == list(range(1, 7))
E   AssertionError: assert [4, 4, 4] == [1, 2, 3, 4, 5, 6]
E     
E     At index 0 diff: 4 != 1
E     Right contains 3 more items, first extra item: 4
E     
E     Full diff:
E       [
E     -     1,...
E     
E     ...Full output truncated (12 lines hidden), use '-vv' to show
____________ TestPipelineProgressCallback.test_callback_with_trace ____________
tests\unit\test_pipeline_progress.py:146: in test_callback_with_trace
    assert len(calls) == 6
E   AssertionError: assert 3 == 6
E    +  where 3 = len([('transform:context', 4, 6), ('transform:refine', 4, 6), ('transform:enrich_caption', 4, 6)])
_________________ TestPipelineProgressCallback.test_ordering __________________
tests\unit\test_pipeline_progress.py:155: in test_ordering
    assert stage_names == expected_order
E   AssertionError: assert ['transform:c...rich_caption'] == ['integrity',...ed', 'upsert']
E     
E     At index 0 diff: 'transform:context' != 'integrity'
E     Right contains 3 more items, first extra item: 'transform'
E     
E     Full diff:
E       [
E     +     'transform:context',...
E     
E     ...Full output truncated (10 lines hidden), use '-vv' to show
============================== warnings summary ===============================
<frozen importlib._bootstrap>:488
<frozen importlib._bootstrap>:488
  <frozen importlib._bootstrap>:488: DeprecationWarning: builtin type SwigPyPacked has no __module__ attribute

<frozen importlib._bootstrap>:488
<frozen importlib._bootstrap>:488
  <frozen importlib._bootstrap>:488: DeprecationWarning: builtin type SwigPyObject has no __module__ attribute

<frozen importlib._bootstrap>:488
  <frozen importlib._bootstrap>:488: DeprecationWarning: builtin type swigvarlink has no __module__ attribute

tests/unit/test_pipeline_progress.py::TestPipelineProgressCallback::test_callback_called_for_all_stages
tests/unit/test_pipeline_progress.py::TestPipelineProgressCallback::test_total_is_six
tests/unit/test_pipeline_progress.py::TestPipelineProgressCallback::test_current_is_monotonically_increasing
tests/unit/test_pipeline_progress.py::TestPipelineProgressCallback::test_no_callback_no_crash
tests/unit/test_pipeline_progress.py::TestPipelineProgressCallback::test_callback_with_trace
tests/unit/test_pipeline_progress.py::TestPipelineProgressCallback::test_ordering
  D:\WorkSpace\project\个人项目\RAG\src\ingestion\pipeline.py:319: RuntimeWarning: coroutine 'IngestionPipeline.run.<locals>._notify' was never awaited
    _notify("integrity", 1)
  Enable tracemalloc to get traceback where the object was allocated.
  See https://docs.pytest.org/en/stable/how-to/capture-warnings.html#resource-warnings for more info.

tests/unit/test_pipeline_progress.py::TestPipelineProgressCallback::test_callback_called_for_all_stages
tests/unit/test_pipeline_progress.py::TestPipelineProgressCallback::test_total_is_six
tests/unit/test_pipeline_progress.py::TestPipelineProgressCallback::test_current_is_monotonically_increasing
tests/unit/test_pipeline_progress.py::TestPipelineProgressCallback::test_no_callback_no_crash
tests/unit/test_pipeline_progress.py::TestPipelineProgressCallback::test_callback_with_trace
tests/unit/test_pipeline_progress.py::TestPipelineProgressCallback::test_ordering
  D:\WorkSpace\project\个人项目\RAG\src\ingestion\pipeline.py:348: RuntimeWarning: coroutine 'IngestionPipeline.run.<locals>._notify' was never awaited
    _notify("load", 2)
  Enable tracemalloc to get traceback where the object was allocated.
  See https://docs.pytest.org/en/stable/how-to/capture-warnings.html#resource-warnings for more info.

tests/unit/test_pipeline_progress.py::TestPipelineProgressCallback::test_callback_called_for_all_stages
tests/unit/test_pipeline_progress.py::TestPipelineProgressCallback::test_total_is_six
tests/unit/test_pipeline_progress.py::TestPipelineProgressCallback::test_current_is_monotonically_increasing
tests/unit/test_pipeline_progress.py::TestPipelineProgressCallback::test_no_callback_no_crash
tests/unit/test_pipeline_progress.py::TestPipelineProgressCallback::test_callback_with_trace
tests/unit/test_pipeline_progress.py::TestPipelineProgressCallback::test_ordering
  D:\WorkSpace\project\个人项目\RAG\src\ingestion\pipeline.py:392: RuntimeWarning: coroutine 'IngestionPipeline.run.<locals>._notify' was never awaited
    _notify("split", 3)
  Enable tracemalloc to get traceback where the object was allocated.
  See https://docs.pytest.org/en/stable/how-to/capture-warnings.html#resource-warnings for more info.

tests/unit/test_pipeline_progress.py::TestPipelineProgressCallback::test_callback_called_for_all_stages
tests/unit/test_pipeline_progress.py::TestPipelineProgressCallback::test_total_is_six
tests/unit/test_pipeline_progress.py::TestPipelineProgressCallback::test_current_is_monotonically_increasing
tests/unit/test_pipeline_progress.py::TestPipelineProgressCallback::test_no_callback_no_crash
tests/unit/test_pipeline_progress.py::TestPipelineProgressCallback::test_callback_with_trace
tests/unit/test_pipeline_progress.py::TestPipelineProgressCallback::test_ordering
  D:\WorkSpace\project\个人项目\RAG\src\ingestion\pipeline.py:424: RuntimeWarning: coroutine 'IngestionPipeline.run.<locals>._notify' was never awaited
    _notify("transform", 4)
  Enable tracemalloc to get traceback where the object was allocated.
  See https://docs.pytest.org/en/stable/how-to/capture-warnings.html#resource-warnings for more info.

tests/unit/test_pipeline_progress.py::TestPipelineProgressCallback::test_callback_called_for_all_stages
tests/unit/test_pipeline_progress.py::TestPipelineProgressCallback::test_total_is_six
tests/unit/test_pipeline_progress.py::TestPipelineProgressCallback::test_current_is_monotonically_increasing
tests/unit/test_pipeline_progress.py::TestPipelineProgressCallback::test_no_callback_no_crash
tests/unit/test_pipeline_progress.py::TestPipelineProgressCallback::test_callback_with_trace
tests/unit/test_pipeline_progress.py::TestPipelineProgressCallback::test_ordering
  D:\WorkSpace\project\个人项目\RAG\src\ingestion\pipeline.py:502: RuntimeWarning: coroutine 'IngestionPipeline.run.<locals>._notify' was never awaited
    _notify("embed", 5)
  Enable tracemalloc to get traceback where the object was allocated.
  See https://docs.pytest.org/en/stable/how-to/capture-warnings.html#resource-warnings for more info.

tests/unit/test_pipeline_progress.py::TestPipelineProgressCallback::test_callback_called_for_all_stages
tests/unit/test_pipeline_progress.py::TestPipelineProgressCallback::test_total_is_six
tests/unit/test_pipeline_progress.py::TestPipelineProgressCallback::test_current_is_monotonically_increasing
tests/unit/test_pipeline_progress.py::TestPipelineProgressCallback::test_no_callback_no_crash
tests/unit/test_pipeline_progress.py::TestPipelineProgressCallback::test_callback_with_trace
tests/unit/test_pipeline_progress.py::TestPipelineProgressCallback::test_ordering
  D:\WorkSpace\project\个人项目\RAG\src\ingestion\pipeline.py:532: RuntimeWarning: coroutine 'IngestionPipeline.run.<locals>._notify' was never awaited
    _notify("upsert", 6)
  Enable tracemalloc to get traceback where the object was allocated.
  See https://docs.pytest.org/en/stable/how-to/capture-warnings.html#resource-warnings for more info.

-- Docs: https://docs.pytest.org/en/stable/how-to/capture-warnings.html
=========================== short test summary info ===========================
FAILED tests/unit/test_bm25_indexer_roundtrip.py::TestIndexPersistence::test_load_corrupted_index_raises
FAILED tests/unit/test_bm25_indexer_roundtrip.py::TestIndexPersistence::test_load_invalid_structure_raises
FAILED tests/unit/test_pipeline_progress.py::TestPipelineProgressCallback::test_callback_called_for_all_stages
FAILED tests/unit/test_pipeline_progress.py::TestPipelineProgressCallback::test_current_is_monotonically_increasing
FAILED tests/unit/test_pipeline_progress.py::TestPipelineProgressCallback::test_callback_with_trace
FAILED tests/unit/test_pipeline_progress.py::TestPipelineProgressCallback::test_ordering
============ 6 failed, 27 passed, 5 skipped, 41 warnings in 13.14s ============
<sys>:0: DeprecationWarning: builtin type swigvarlink has no __module__ attribute
